<?xml version="1.0" encoding="utf-8"?>
<TestRun id="4fdbdfc9-4a0e-45bc-a626-84937e1dc846" name="@WSC-NB335 2026-08-24 17:01:56" xmlns="http://microsoft.com/schemas/VisualStudio/TeamTest/2010">
  <Times creation="2026-08-24T17:01:56.5972448+02:00" queuing="2026-08-24T17:01:56.5972448+02:00" start="2026-08-24T17:01:55.5131927+02:00" finish="2026-08-24T17:01:56.6888135+02:00" />
  <TestSettings name="default" id="2e116f5b-2543-454a-84fa-61f5ed658087">
    <Deployment runDeploymentRoot="_WSC-NB335_2026-08-24_17_01_56" />
  </TestSettings>
  <Results>
    <UnitTestResult executionId="07d78613-aa9d-4c4f-b835-1b48a87a85ba" testId="e495fabb-2e5e-6349-279c-1af1092320fc" testName="SanitizesKeywordsAndLeadingDigits" computerName="WSC-NB335" duration="00:00:00.0006260" startTime="2026-08-24T17:01:56.5890692+02:00" endTime="2026-08-24T17:01:56.5896947+02:00" testType="13cdc9d9-ddb5-4fa4-a97d-d965ccfc6d4b" outcome="Passed" testListId="8c84fa94-04c1-424b-9868-57a2d4851a1d" relativeResultsDirectory="07d78613-aa9d-4c4f-b835-1b48a87a85ba" />
    <UnitTestResult executionId="2478196d-3c00-41f2-8623-a6b685e635e4" testId="b07c5b0c-e36b-81ec-09da-0030f0f336f6" testName="GeneratesEveryMemberOfTheCommittedVocabulary(&quot;rdf&quot;,&quot;rdf.rdf&quot;,&quot;http://www.w3.org/1999/02/22-rdf-syntax-ns#&quot;)" computerName="WSC-NB335" duration="00:00:00.0079330" startTime="2026-08-24T17:01:56.4933432+02:00" endTime="2026-08-24T17:01:56.5012764+02:00" testType="13cdc9d9-ddb5-4fa4-a97d-d965ccfc6d4b" outcome="Passed" testListId="8c84fa94-04c1-424b-9868-57a2d4851a1d" relativeResultsDirectory="2478196d-3c00-41f2-8623-a6b685e635e4" />
    <UnitTestResult executionId="cff3e44a-982c-474f-a22e-6cb7c3192f1d" testId="093acc89-5afc-37fb-49de-2990e8af141a" testName="WritesTheFileTheManifestNames" computerName="WSC-NB335" duration="00:00:00.0025569" startTime="2026-08-24T17:01:56.6467190+02:00" endTime="2026-08-24T17:01:56.6492755+02:00" testType="13cdc9d9-ddb5-4fa4-a97d-d965ccfc6d4b" outcome="Passed" testListId="8c84fa94-04c1-424b-9868-57a2d4851a1d" relativeResultsDirectory="cff3e44a-982c-474f-a22e-6cb7c3192f1d" />
    <UnitTestResult executionId="4f81153e-cde1-4aea-bf2b-4211c067cced" testId="5b9c6f7e-f264-7ef5-3f29-24bed05c2655" testName="N3 (owl)" computerName="WSC-NB335" duration="00:00:00.0165500" startTime="2026-08-24T17:01:56.5417290+02:00" endTime="2026-08-24T17:01:56.5582785+02:00" testType="13cdc9d9-ddb5-4fa4-a97d-d965ccfc6d4b" outcome="Passed" testListId="8c84fa94-04c1-424b-9868-57a2d4851a1d" relativeResultsDirectory="4f81153e-cde1-4aea-bf2b-4211c067cced" />
    <UnitTestResult executionId="5866cb5f-fd1b-4d54-8f29-bbb1c67db502" testId="6738aa0c-d0fc-ddf6-7f01-d2efae397153" testName="EscapesMarkupInDocComments" computerName="WSC-NB335" duration="00:00:00.0192970" startTime="2026-08-24T17:01:55.8450520+02:00" endTime="2026-08-24T17:01:55.8643487+02:00" testType="13cdc9d9-ddb5-4fa4-a97d-d965ccfc6d4b" outcome="Passed" testListId="8c84fa94-04c1-424b-9868-57a2d4851a1d" relativeResultsDirectory="5866cb5f-fd1b-4d54-8f29-bbb1c67db502" />
    <UnitTestResult executionId="e3f0dee0-1089-4963-a68e-9467981c0bfc" testId="99fd881f-9ab4-0835-5bce-34fed7fc99b2" testName="OutputIsDeterministic" computerName="WSC-NB335" duration="00:00:00.0063310" startTime="2026-08-24T17:01:56.5288989+02:00" endTime="2026-08-24T17:01:56.5352294+02:00" testType="13cdc9d9-ddb5-4fa4-a97d-d965ccfc6d4b" outcome="Passed" testListId="8c84fa94-04c1-424b-9868-57a2d4851a1d" relativeResultsDirectory="e3f0dee0-1089-4963-a68e-9467981c0bfc" />
    <UnitTestResult executionId="155b60fc-7836-44a0-9333-c615218218b9" testId="01aef6f6-461e-1abc-761f-a6b831ce8e6b" testName="RejectsAVocabularyWithoutAPrefix" computerName="WSC-NB335" duration="00:00:00.0018560" startTime="2026-08-24T17:01:56.6390603+02:00" endTime="2026-08-24T17:01:56.6409162+02:00" testType="13cdc9d9-ddb5-4fa4-a97d-d965ccfc6d4b" outcome="Passed" testListId="8c84fa94-04c1-424b-9868-57a2d4851a1d" relativeResultsDirectory="155b60fc-7836-44a0-9333-c615218218b9" />
    <UnitTestResult executionId="ef262140-399a-4874-8a54-80e3170f2d83" testId="4dd709f8-44de-1495-eecc-e8036b4d195e" testName="ReadsVocabulariesFromPathsContainingSpaces" computerName="WSC-NB335" duration="00:00:00.0022300" startTime="2026-08-24T17:01:56.5819258+02:00" endTime="2026-08-24T17:01:56.5841554+02:00" testType="13cdc9d9-ddb5-4fa4-a97d-d965ccfc6d4b" outcome="Passed" testListId="8c84fa94-04c1-424b-9868-57a2d4851a1d" relativeResultsDirectory="ef262140-399a-4874-8a54-80e3170f2d83" />
    <UnitTestResult executionId="60766c58-d280-434a-938a-8e1660fdcc33" testId="0fe59392-a743-d69d-13b8-06e97c1d6565" testName="ClassifiesTermsIntoClassPropertyAndResource" computerName="WSC-NB335" duration="00:00:00.0438550" startTime="2026-08-24T17:01:55.7997488+02:00" endTime="2026-08-24T17:01:55.8435739+02:00" testType="13cdc9d9-ddb5-4fa4-a97d-d965ccfc6d4b" outcome="Passed" testListId="8c84fa94-04c1-424b-9868-57a2d4851a1d" relativeResultsDirectory="60766c58-d280-434a-938a-8e1660fdcc33" />
    <UnitTestResult executionId="98803830-c912-45d6-a6b0-57d43ae230c9" testId="03b447df-82a7-dd82-5e06-a0f625287c2e" testName="CheckIgnoresLineEndingDifferences" computerName="WSC-NB335" duration="00:00:00.0083820" startTime="2026-08-24T17:01:56.5901976+02:00" endTime="2026-08-24T17:01:56.5985796+02:00" testType="13cdc9d9-ddb5-4fa4-a97d-d965ccfc6d4b" outcome="Passed" testListId="8c84fa94-04c1-424b-9868-57a2d4851a1d" relativeResultsDirectory="98803830-c912-45d6-a6b0-57d43ae230c9" />
    <UnitTestResult executionId="33736387-86f2-4518-92ba-5268014df2d8" testId="c8921cd8-cafc-2288-df0e-cc560307d544" testName="Turtle" computerName="WSC-NB335" duration="00:00:00.0045270" startTime="2026-08-24T17:01:56.5582977+02:00" endTime="2026-08-24T17:01:56.5628242+02:00" testType="13cdc9d9-ddb5-4fa4-a97d-d965ccfc6d4b" outcome="Passed" testListId="8c84fa94-04c1-424b-9868-57a2d4851a1d" relativeResultsDirectory="33736387-86f2-4518-92ba-5268014df2d8" />
    <UnitTestResult executionId="b9779d52-43d7-4e18-8f61-73ea9c3f5033" testId="cafdc98f-8cff-ad8b-75d5-4090ffdc84dc" testName="CheckReportsOutOfDateWhenTheFileDiffers" computerName="WSC-NB335" duration="00:00:00.0052590" startTime="2026-08-24T17:01:56.5986005+02:00" endTime="2026-08-24T17:01:56.6038589+02:00" testType="13cdc9d9-ddb5-4fa4-a97d-d965ccfc6d4b" outcome="Passed" testListId="8c84fa94-04c1-424b-9868-57a2d4851a1d" relativeResultsDirectory="b9779d52-43d7-4e18-8f61-73ea9c3f5033" />
    <UnitTestResult executionId="dbc952cc-16a1-4888-b8f5-4c16e9c6d7c6" testId="869d6562-df9f-8667-2754-5fcb12e1629a" testName="GeneratesEveryMemberOfTheCommittedVocabulary(&quot;rdfs&quot;,&quot;rdfs.n3&quot;,&quot;http://www.w3.org/2000/01/rdf-schema#&quot;)" computerName="WSC-NB335" duration="00:00:00.0117660" startTime="2026-08-24T17:01:56.5012956+02:00" endTime="2026-08-24T17:01:56.5130613+02:00" testType="13cdc9d9-ddb5-4fa4-a97d-d965ccfc6d4b" outcome="Passed" testListId="8c84fa94-04c1-424b-9868-57a2d4851a1d" relativeResultsDirectory="dbc952cc-16a1-4888-b8f5-4c16e9c6d7c6" />
    <UnitTestResult executionId="ddef7507-3bc6-46b4-83d8-2298bb546521" testId="3a3ba5c0-266e-a2bc-2a2c-adb7d2ab9cda" testName="ReproducesEveryTermOfTheHandWrittenVocabulary" computerName="WSC-NB335" duration="00:00:00.0025800" startTime="2026-08-24T17:01:56.5859112+02:00" endTime="2026-08-24T17:01:56.5884915+02:00" testType="13cdc9d9-ddb5-4fa4-a97d-d965ccfc6d4b" outcome="Passed" testListId="8c84fa94-04c1-424b-9868-57a2d4851a1d" relativeResultsDirectory="ddef7507-3bc6-46b4-83d8-2298bb546521" />
    <UnitTestResult executionId="06400486-df1f-4070-9993-ea892e306de3" testId="10dff718-a15e-c075-6da0-afc8b49ac638" testName="ReportsAMissingManifest" computerName="WSC-NB335" duration="00:00:00.0001220" startTime="2026-08-24T17:01:56.6409357+02:00" endTime="2026-08-24T17:01:56.6410576+02:00" testType="13cdc9d9-ddb5-4fa4-a97d-d965ccfc6d4b" outcome="Passed" testListId="8c84fa94-04c1-424b-9868-57a2d4851a1d" relativeResultsDirectory="06400486-df1f-4070-9993-ea892e306de3" />
    <UnitTestResult executionId="d90692f7-6636-4064-be30-9163277e93b9" testId="2132a652-bc6d-0900-46f7-08fcd4f71c94" testName="RenamesATermThatCollidesWithTheVocabularyClass" computerName="WSC-NB335" duration="00:00:00.0014240" startTime="2026-08-24T17:01:56.5844700+02:00" endTime="2026-08-24T17:01:56.5858938+02:00" testType="13cdc9d9-ddb5-4fa4-a97d-d965ccfc6d4b" outcome="Passed" testListId="8c84fa94-04c1-424b-9868-57a2d4851a1d" relativeResultsDirectory="d90692f7-6636-4064-be30-9163277e93b9" />
    <UnitTestResult executionId="e704231d-3510-423c-b7b3-a32080fe2a8e" testId="1ac14839-fbc5-350a-3ddb-a1857be248ef" testName="CheckReportsOutOfDateWhenTheFileIsMissing" computerName="WSC-NB335" duration="00:00:00.0025710" startTime="2026-08-24T17:01:56.6038808+02:00" endTime="2026-08-24T17:01:56.6064513+02:00" testType="13cdc9d9-ddb5-4fa4-a97d-d965ccfc6d4b" outcome="Passed" testListId="8c84fa94-04c1-424b-9868-57a2d4851a1d" relativeResultsDirectory="e704231d-3510-423c-b7b3-a32080fe2a8e" />
    <UnitTestResult executionId="f5c96391-ecad-4514-bf44-c90c69b655e5" testId="7555ff81-2032-cb84-eb78-9ced32d24cc7" testName="TriG" computerName="WSC-NB335" duration="00:00:00.0073520" startTime="2026-08-24T17:01:56.5628345+02:00" endTime="2026-08-24T17:01:56.5701864+02:00" testType="13cdc9d9-ddb5-4fa4-a97d-d965ccfc6d4b" outcome="Passed" testListId="8c84fa94-04c1-424b-9868-57a2d4851a1d" relativeResultsDirectory="f5c96391-ecad-4514-bf44-c90c69b655e5" />
    <UnitTestResult executionId="d6bab739-8587-49e6-9e71-4883fd431280" testId="51a24f0f-8fd9-6684-4cef-5ac41c1d6733" testName="ResolvesVocabularyPathsRelativeToTheManifest" computerName="WSC-NB335" duration="00:00:00.0022930" startTime="2026-08-24T17:01:56.6410736+02:00" endTime="2026-08-24T17:01:56.6433664+02:00" testType="13cdc9d9-ddb5-4fa4-a97d-d965ccfc6d4b" outcome="Passed" testListId="8c84fa94-04c1-424b-9868-57a2d4851a1d" relativeResultsDirectory="d6bab739-8587-49e6-9e71-4883fd431280" />
    <UnitTestResult executionId="0f5d52c4-9f63-48bb-ac3e-fab727560a5b" testId="10f6345f-2d88-f63c-7abf-0aae268e0ec5" testName="CheckSucceedsWhenTheGeneratedFileIsCurrent" computerName="WSC-NB335" duration="00:00:00.0223720" startTime="2026-08-24T17:01:56.6064681+02:00" endTime="2026-08-24T17:01:56.6288398+02:00" testType="13cdc9d9-ddb5-4fa4-a97d-d965ccfc6d4b" outcome="Passed" testListId="8c84fa94-04c1-424b-9868-57a2d4851a1d" relativeResultsDirectory="0f5d52c4-9f63-48bb-ac3e-fab727560a5b" />
    <UnitTestResult executionId="f50dbc2d-5b78-4f9a-b49a-6dfa6791c1f6" testId="8adf54f3-6eb2-1fad-9e04-df5c40b7e02b" testName="GeneratedSourceIsDiscoveredByOntologyDiscovery" computerName="WSC-NB335" duration="00:00:00.6289090" startTime="2026-08-24T17:01:55.8643799+02:00" endTime="2026-08-24T17:01:56.4932884+02:00" testType="13cdc9d9-ddb5-4fa4-a97d-d965ccfc6d4b" outcome="Passed" testListId="8c84fa94-04c1-424b-9868-57a2d4851a1d" relativeResultsDirectory="f50dbc2d-5b78-4f9a-b49a-6dfa6791c1f6" />
    <UnitTestResult executionId="70797144-61a3-41e2-ad81-f662de2245a2" testId="ed8ff777-a53e-621c-acbb-14c5e1d4cb19" testName="ReadsAnArrayOfDocuments" computerName="WSC-NB335" duration="00:00:00.0045800" startTime="2026-08-24T17:01:56.6344626+02:00" endTime="2026-08-24T17:01:56.6390422+02:00" testType="13cdc9d9-ddb5-4fa4-a97d-d965ccfc6d4b" outcome="Passed" testListId="8c84fa94-04c1-424b-9868-57a2d4851a1d" relativeResultsDirectory="70797144-61a3-41e2-ad81-f662de2245a2" />
    <UnitTestResult executionId="f2d74471-ccce-4da7-9e1c-4f261796ba0a" testId="0dc8d864-d397-403c-ab41-289138ec5fbe" testName="WritesOneFilePerVocabulary" computerName="WSC-NB335" duration="00:00:00.0033160" startTime="2026-08-24T17:01:56.6433840+02:00" endTime="2026-08-24T17:01:56.6467001+02:00" testType="13cdc9d9-ddb5-4fa4-a97d-d965ccfc6d4b" outcome="Passed" testListId="8c84fa94-04c1-424b-9868-57a2d4851a1d" relativeResultsDirectory="f2d74471-ccce-4da7-9e1c-4f261796ba0a" />
    <UnitTestResult executionId="dbeb01ed-10e3-4e91-bc5d-396abc899768" testId="e223d74b-b9f1-e2c9-d50a-891ce7418eb4" testName="GeneratesEveryMemberOfTheCommittedVocabulary(&quot;nco&quot;,&quot;nco.trig&quot;,&quot;http://www.semanticdesktop.org/ontologies/2007/03/22/nco#&quot;)" computerName="WSC-NB335" duration="00:00:00.0151570" startTime="2026-08-24T17:01:56.5130827+02:00" endTime="2026-08-24T17:01:56.5282391+02:00" testType="13cdc9d9-ddb5-4fa4-a97d-d965ccfc6d4b" outcome="Passed" testListId="8c84fa94-04c1-424b-9868-57a2d4851a1d" relativeResultsDirectory="dbeb01ed-10e3-4e91-bc5d-396abc899768" />
    <UnitTestResult executionId="d9b6f3b7-d9c0-467e-bdc8-3b9308a5979d" testId="b396625d-f74b-e2ae-e0c7-4957cf87c91c" testName="DefaultsToTheManifestDirectoryWhenNoOutputIsGiven" computerName="WSC-NB335" duration="00:00:00.0055730" startTime="2026-08-24T17:01:56.6288717+02:00" endTime="2026-08-24T17:01:56.6344441+02:00" testType="13cdc9d9-ddb5-4fa4-a97d-d965ccfc6d4b" outcome="Passed" testListId="8c84fa94-04c1-424b-9868-57a2d4851a1d" relativeResultsDirectory="d9b6f3b7-d9c0-467e-bdc8-3b9308a5979d" />
    <UnitTestResult executionId="27c181b2-eaae-4a1c-b324-facf03633f23" testId="78478ba2-f68c-f59c-8852-82d2e108a13f" testName="ResolvesCollidingLocalNames" computerName="WSC-NB335" duration="00:00:00.0005440" startTime="2026-08-24T17:01:56.5885079+02:00" endTime="2026-08-24T17:01:56.5890518+02:00" testType="13cdc9d9-ddb5-4fa4-a97d-d965ccfc6d4b" outcome="Passed" testListId="8c84fa94-04c1-424b-9868-57a2d4851a1d" relativeResultsDirectory="27c181b2-eaae-4a1c-b324-facf03633f23" />
    <UnitTestResult executionId="032a1c04-de3e-4e83-a066-2bffe6495814" testId="76cd7aee-0241-b087-ad39-e66874bebae1" testName="N3" computerName="WSC-NB335" duration="00:00:00.0030160" startTime="2026-08-24T17:01:56.5386818+02:00" endTime="2026-08-24T17:01:56.5416974+02:00" testType="13cdc9d9-ddb5-4fa4-a97d-d965ccfc6d4b" outcome="Passed" testListId="8c84fa94-04c1-424b-9868-57a2d4851a1d" relativeResultsDirectory="032a1c04-de3e-4e83-a066-2bffe6495814" />
    <UnitTestResult executionId="664d283a-0655-44c8-b77d-9f653a841025" testId="5d820ec2-c428-9654-7d9a-2afe23707600" testName="RDF/XML" computerName="WSC-NB335" duration="00:00:00.0033790" startTime="2026-08-24T17:01:56.5352603+02:00" endTime="2026-08-24T17:01:56.5386387+02:00" testType="13cdc9d9-ddb5-4fa4-a97d-d965ccfc6d4b" outcome="Passed" testListId="8c84fa94-04c1-424b-9868-57a2d4851a1d" relativeResultsDirectory="664d283a-0655-44c8-b77d-9f653a841025" />
    <UnitTestResult executionId="77502ff8-bd3a-4e51-8340-813519fc096e" testId="d30788de-ad3f-06f7-69f2-ba5efb5ad6c6" testName="RDF/XML (foaf)" computerName="WSC-NB335" duration="00:00:00.0116930" startTime="2026-08-24T17:01:56.5702009+02:00" endTime="2026-08-24T17:01:56.5818932+02:00" testType="13cdc9d9-ddb5-4fa4-a97d-d965ccfc6d4b" outcome="Passed" testListId="8c84fa94-04c1-424b-9868-57a2d4851a1d" relativeResultsDirectory="77502ff8-bd3a-4e51-8340-813519fc096e" />
  </Results>
  <TestDefinitions>
    <UnitTest name="CheckSucceedsWhenTheGeneratedFileIsCurrent" storage="/home/meberl/projects/trinity/r2/tests/trinity.vocabulary.tests/bin/release/net8.0/semiodesk.trinity.vocabulary.tests.dll" id="10f6345f-2d88-f63c-7abf-0aae268e0ec5">
      <Execution id="0f5d52c4-9f63-48bb-ac3e-fab727560a5b" />
      <TestMethod codeBase="/home/meberl/projects/trinity/r2/tests/Trinity.Vocabulary.Tests/bin/Release/net8.0/Semiodesk.Trinity.Vocabulary.Tests.dll" adapterTypeName="executor://nunit3testexecutor/" className="Semiodesk.Trinity.Vocabulary.Tests.VocabularyToolTest" name="CheckSucceedsWhenTheGeneratedFileIsCurrent" />
    </UnitTest>
    <UnitTest name="WritesOneFilePerVocabulary" storage="/home/meberl/projects/trinity/r2/tests/trinity.vocabulary.tests/bin/release/net8.0/semiodesk.trinity.vocabulary.tests.dll" id="0dc8d864-d397-403c-ab41-289138ec5fbe">
      <Execution id="f2d74471-ccce-4da7-9e1c-4f261796ba0a" />
      <TestMethod codeBase="/home/meberl/projects/trinity/r2/tests/Trinity.Vocabulary.Tests/bin/Release/net8.0/Semiodesk.Trinity.Vocabulary.Tests.dll" adapterTypeName="executor://nunit3testexecutor/" className="Semiodesk.Trinity.Vocabulary.Tests.VocabularyToolTest" name="WritesOneFilePerVocabulary" />
    </UnitTest>
    <UnitTest name="RDF/XML" storage="/home/meberl/projects/trinity/r2/tests/trinity.vocabulary.tests/bin/release/net8.0/semiodesk.trinity.vocabulary.tests.dll" id="5d820ec2-c428-9654-7d9a-2afe23707600">
      <Execution id="664d283a-0655-44c8-b77d-9f653a841025" />
      <TestMethod codeBase="/home/meberl/projects/trinity/r2/tests/Trinity.Vocabulary.Tests/bin/Release/net8.0/Semiodesk.Trinity.Vocabulary.Tests.dll" adapterTypeName="executor://nunit3testexecutor/" className="Semiodesk.Trinity.Vocabulary.Tests.VocabularyGeneratorTest" name="RDF/XML" />
    </UnitTest>
    <UnitTest name="ReadsVocabulariesFromPathsContainingSpaces" storage="/home/meberl/projects/trinity/r2/tests/trinity.vocabulary.tests/bin/release/net8.0/semiodesk.trinity.vocabulary.tests.dll" id="4dd709f8-44de-1495-eecc-e8036b4d195e">
      <Execution id="ef262140-399a-4874-8a54-80e3170f2d83" />
      <TestMethod codeBase="/home/meberl/projects/trinity/r2/tests/Trinity.Vocabulary.Tests/bin/Release/net8.0/Semiodesk.Trinity.Vocabulary.Tests.dll" adapterTypeName="executor://nunit3testexecutor/" className="Semiodesk.Trinity.Vocabulary.Tests.VocabularyGeneratorTest" name="ReadsVocabulariesFromPathsContainingSpaces" />
    </UnitTest>
    <UnitTest name="N3" storage="/home/meberl/projects/trinity/r2/tests/trinity.vocabulary.tests/bin/release/net8.0/semiodesk.trinity.vocabulary.tests.dll" id="76cd7aee-0241-b087-ad39-e66874bebae1">
      <Execution id="032a1c04-de3e-4e83-a066-2bffe6495814" />
      <TestMethod codeBase="/home/meberl/projects/trinity/r2/tests/Trinity.Vocabulary.Tests/bin/Release/net8.0/Semiodesk.Trinity.Vocabulary.Tests.dll" adapterTypeName="executor://nunit3testexecutor/" className="Semiodesk.Trinity.Vocabulary.Tests.VocabularyGeneratorTest" name="N3" />
    </UnitTest>
    <UnitTest name="RenamesATermThatCollidesWithTheVocabularyClass" storage="/home/meberl/projects/trinity/r2/tests/trinity.vocabulary.tests/bin/release/net8.0/semiodesk.trinity.vocabulary.tests.dll" id="2132a652-bc6d-0900-46f7-08fcd4f71c94">
      <Execution id="d90692f7-6636-4064-be30-9163277e93b9" />
      <TestMethod codeBase="/home/meberl/projects/trinity/r2/tests/Trinity.Vocabulary.Tests/bin/Release/net8.0/Semiodesk.Trinity.Vocabulary.Tests.dll" adapterTypeName="executor://nunit3testexecutor/" className="Semiodesk.Trinity.Vocabulary.Tests.VocabularyGeneratorTest" name="RenamesATermThatCollidesWithTheVocabularyClass" />
    </UnitTest>
    <UnitTest name="CheckReportsOutOfDateWhenTheFileDiffers" storage="/home/meberl/projects/trinity/r2/tests/trinity.vocabulary.tests/bin/release/net8.0/semiodesk.trinity.vocabulary.tests.dll" id="cafdc98f-8cff-ad8b-75d5-4090ffdc84dc">
      <Execution id="b9779d52-43d7-4e18-8f61-73ea9c3f5033" />
      <TestMethod codeBase="/home/meberl/projects/trinity/r2/tests/Trinity.Vocabulary.Tests/bin/Release/net8.0/Semiodesk.Trinity.Vocabulary.Tests.dll" adapterTypeName="executor://nunit3testexecutor/" className="Semiodesk.Trinity.Vocabulary.Tests.VocabularyToolTest" name="CheckReportsOutOfDateWhenTheFileDiffers" />
    </UnitTest>
    <UnitTest name="CheckReportsOutOfDateWhenTheFileIsMissing" storage="/home/meberl/projects/trinity/r2/tests/trinity.vocabulary.tests/bin/release/net8.0/semiodesk.trinity.vocabulary.tests.dll" id="1ac14839-fbc5-350a-3ddb-a1857be248ef">
      <Execution id="e704231d-3510-423c-b7b3-a32080fe2a8e" />
      <TestMethod codeBase="/home/meberl/projects/trinity/r2/tests/Trinity.Vocabulary.Tests/bin/Release/net8.0/Semiodesk.Trinity.Vocabulary.Tests.dll" adapterTypeName="executor://nunit3testexecutor/" className="Semiodesk.Trinity.Vocabulary.Tests.VocabularyToolTest" name="CheckReportsOutOfDateWhenTheFileIsMissing" />
    </UnitTest>
    <UnitTest name="CheckIgnoresLineEndingDifferences" storage="/home/meberl/projects/trinity/r2/tests/trinity.vocabulary.tests/bin/release/net8.0/semiodesk.trinity.vocabulary.tests.dll" id="03b447df-82a7-dd82-5e06-a0f625287c2e">
      <Execution id="98803830-c912-45d6-a6b0-57d43ae230c9" />
      <TestMethod codeBase="/home/meberl/projects/trinity/r2/tests/Trinity.Vocabulary.Tests/bin/Release/net8.0/Semiodesk.Trinity.Vocabulary.Tests.dll" adapterTypeName="executor://nunit3testexecutor/" className="Semiodesk.Trinity.Vocabulary.Tests.VocabularyToolTest" name="CheckIgnoresLineEndingDifferences" />
    </UnitTest>
    <UnitTest name="RDF/XML (foaf)" storage="/home/meberl/projects/trinity/r2/tests/trinity.vocabulary.tests/bin/release/net8.0/semiodesk.trinity.vocabulary.tests.dll" id="d30788de-ad3f-06f7-69f2-ba5efb5ad6c6">
      <Execution id="77502ff8-bd3a-4e51-8340-813519fc096e" />
      <TestMethod codeBase="/home/meberl/projects/trinity/r2/tests/Trinity.Vocabulary.Tests/bin/Release/net8.0/Semiodesk.Trinity.Vocabulary.Tests.dll" adapterTypeName="executor://nunit3testexecutor/" className="Semiodesk.Trinity.Vocabulary.Tests.VocabularyGeneratorTest" name="RDF/XML (foaf)" />
    </UnitTest>
    <UnitTest name="Turtle" storage="/home/meberl/projects/trinity/r2/tests/trinity.vocabulary.tests/bin/release/net8.0/semiodesk.trinity.vocabulary.tests.dll" id="c8921cd8-cafc-2288-df0e-cc560307d544">
      <Execution id="33736387-86f2-4518-92ba-5268014df2d8" />
      <TestMethod codeBase="/home/meberl/projects/trinity/r2/tests/Trinity.Vocabulary.Tests/bin/Release/net8.0/Semiodesk.Trinity.Vocabulary.Tests.dll" adapterTypeName="executor://nunit3testexecutor/" className="Semiodesk.Trinity.Vocabulary.Tests.VocabularyGeneratorTest" name="Turtle" />
    </UnitTest>
    <UnitTest name="ResolvesCollidingLocalNames" storage="/home/meberl/projects/trinity/r2/tests/trinity.vocabulary.tests/bin/release/net8.0/semiodesk.trinity.vocabulary.tests.dll" id="78478ba2-f68c-f59c-8852-82d2e108a13f">
      <Execution id="27c181b2-eaae-4a1c-b324-facf03633f23" />
      <TestMethod codeBase="/home/meberl/projects/trinity/r2/tests/Trinity.Vocabulary.Tests/bin/Release/net8.0/Semiodesk.Trinity.Vocabulary.Tests.dll" adapterTypeName="executor://nunit3testexecutor/" className="Semiodesk.Trinity.Vocabulary.Tests.VocabularyGeneratorTest" name="ResolvesCollidingLocalNames" />
    </UnitTest>
    <UnitTest name="WritesTheFileTheManifestNames" storage="/home/meberl/projects/trinity/r2/tests/trinity.vocabulary.tests/bin/release/net8.0/semiodesk.trinity.vocabulary.tests.dll" id="093acc89-5afc-37fb-49de-2990e8af141a">
      <Execution id="cff3e44a-982c-474f-a22e-6cb7c3192f1d" />
      <TestMethod codeBase="/home/meberl/projects/trinity/r2/tests/Trinity.Vocabulary.Tests/bin/Release/net8.0/Semiodesk.Trinity.Vocabulary.Tests.dll" adapterTypeName="executor://nunit3testexecutor/" className="Semiodesk.Trinity.Vocabulary.Tests.VocabularyToolTest" name="WritesTheFileTheManifestNames" />
    </UnitTest>
    <UnitTest name="ReadsAnArrayOfDocuments" storage="/home/meberl/projects/trinity/r2/tests/trinity.vocabulary.tests/bin/release/net8.0/semiodesk.trinity.vocabulary.tests.dll" id="ed8ff777-a53e-621c-acbb-14c5e1d4cb19">
      <Execution id="70797144-61a3-41e2-ad81-f662de2245a2" />
      <TestMethod codeBase="/home/meberl/projects/trinity/r2/tests/Trinity.Vocabulary.Tests/bin/Release/net8.0/Semiodesk.Trinity.Vocabulary.Tests.dll" adapterTypeName="executor://nunit3testexecutor/" className="Semiodesk.Trinity.Vocabulary.Tests.VocabularyToolTest" name="ReadsAnArrayOfDocuments" />
    </UnitTest>
    <UnitTest name="GeneratesEveryMemberOfTheCommittedVocabulary(&quot;rdfs&quot;,&quot;rdfs.n3&quot;,&quot;http://www.w3.org/2000/01/rdf-schema#&quot;)" storage="/home/meberl/projects/trinity/r2/tests/trinity.vocabulary.tests/bin/release/net8.0/semiodesk.trinity.vocabulary.tests.dll" id="869d6562-df9f-8667-2754-5fcb12e1629a">
      <Execution id="dbc952cc-16a1-4888-b8f5-4c16e9c6d7c6" />
      <TestMethod codeBase="/home/meberl/projects/trinity/r2/tests/Trinity.Vocabulary.Tests/bin/Release/net8.0/Semiodesk.Trinity.Vocabulary.Tests.dll" adapterTypeName="executor://nunit3testexecutor/" className="Semiodesk.Trinity.Vocabulary.Tests.VocabularyGeneratorTest" name="GeneratesEveryMemberOfTheCommittedVocabulary(&quot;rdfs&quot;,&quot;rdfs.n3&quot;,&quot;http://www.w3.org/2000/01/rdf-schema#&quot;)" />
    </UnitTest>
    <UnitTest name="DefaultsToTheManifestDirectoryWhenNoOutputIsGiven" storage="/home/meberl/projects/trinity/r2/tests/trinity.vocabulary.tests/bin/release/net8.0/semiodesk.trinity.vocabulary.tests.dll" id="b396625d-f74b-e2ae-e0c7-4957cf87c91c">
      <Execution id="d9b6f3b7-d9c0-467e-bdc8-3b9308a5979d" />
      <TestMethod codeBase="/home/meberl/projects/trinity/r2/tests/Trinity.Vocabulary.Tests/bin/Release/net8.0/Semiodesk.Trinity.Vocabulary.Tests.dll" adapterTypeName="executor://nunit3testexecutor/" className="Semiodesk.Trinity.Vocabulary.Tests.VocabularyToolTest" name="DefaultsToTheManifestDirectoryWhenNoOutputIsGiven" />
    </UnitTest>
    <UnitTest name="GeneratesEveryMemberOfTheCommittedVocabulary(&quot;rdf&quot;,&quot;rdf.rdf&quot;,&quot;http://www.w3.org/1999/02/22-rdf-syntax-ns#&quot;)" storage="/home/meberl/projects/trinity/r2/tests/trinity.vocabulary.tests/bin/release/net8.0/semiodesk.trinity.vocabulary.tests.dll" id="b07c5b0c-e36b-81ec-09da-0030f0f336f6">
      <Execution id="2478196d-3c00-41f2-8623-a6b685e635e4" />
      <TestMethod codeBase="/home/meberl/projects/trinity/r2/tests/Trinity.Vocabulary.Tests/bin/Release/net8.0/Semiodesk.Trinity.Vocabulary.Tests.dll" adapterTypeName="executor://nunit3testexecutor/" className="Semiodesk.Trinity.Vocabulary.Tests.VocabularyGeneratorTest" name="GeneratesEveryMemberOfTheCommittedVocabulary(&quot;rdf&quot;,&quot;rdf.rdf&quot;,&quot;http://www.w3.org/1999/02/22-rdf-syntax-ns#&quot;)" />
    </UnitTest>
    <UnitTest name="ResolvesVocabularyPathsRelativeToTheManifest" storage="/home/meberl/projects/trinity/r2/tests/trinity.vocabulary.tests/bin/release/net8.0/semiodesk.trinity.vocabulary.tests.dll" id="51a24f0f-8fd9-6684-4cef-5ac41c1d6733">
      <Execution id="d6bab739-8587-49e6-9e71-4883fd431280" />
      <TestMethod codeBase="/home/meberl/projects/trinity/r2/tests/Trinity.Vocabulary.Tests/bin/Release/net8.0/Semiodesk.Trinity.Vocabulary.Tests.dll" adapterTypeName="executor://nunit3testexecutor/" className="Semiodesk.Trinity.Vocabulary.Tests.VocabularyToolTest" name="ResolvesVocabularyPathsRelativeToTheManifest" />
    </UnitTest>
    <UnitTest name="EscapesMarkupInDocComments" storage="/home/meberl/projects/trinity/r2/tests/trinity.vocabulary.tests/bin/release/net8.0/semiodesk.trinity.vocabulary.tests.dll" id="6738aa0c-d0fc-ddf6-7f01-d2efae397153">
      <Execution id="5866cb5f-fd1b-4d54-8f29-bbb1c67db502" />
      <TestMethod codeBase="/home/meberl/projects/trinity/r2/tests/Trinity.Vocabulary.Tests/bin/Release/net8.0/Semiodesk.Trinity.Vocabulary.Tests.dll" adapterTypeName="executor://nunit3testexecutor/" className="Semiodesk.Trinity.Vocabulary.Tests.VocabularyGeneratorTest" name="EscapesMarkupInDocComments" />
    </UnitTest>
    <UnitTest name="GeneratedSourceIsDiscoveredByOntologyDiscovery" storage="/home/meberl/projects/trinity/r2/tests/trinity.vocabulary.tests/bin/release/net8.0/semiodesk.trinity.vocabulary.tests.dll" id="8adf54f3-6eb2-1fad-9e04-df5c40b7e02b">
      <Execution id="f50dbc2d-5b78-4f9a-b49a-6dfa6791c1f6" />
      <TestMethod codeBase="/home/meberl/projects/trinity/r2/tests/Trinity.Vocabulary.Tests/bin/Release/net8.0/Semiodesk.Trinity.Vocabulary.Tests.dll" adapterTypeName="executor://nunit3testexecutor/" className="Semiodesk.Trinity.Vocabulary.Tests.VocabularyGeneratorTest" name="GeneratedSourceIsDiscoveredByOntologyDiscovery" />
    </UnitTest>
    <UnitTest name="GeneratesEveryMemberOfTheCommittedVocabulary(&quot;nco&quot;,&quot;nco.trig&quot;,&quot;http://www.semanticdesktop.org/ontologies/2007/03/22/nco#&quot;)" storage="/home/meberl/projects/trinity/r2/tests/trinity.vocabulary.tests/bin/release/net8.0/semiodesk.trinity.vocabulary.tests.dll" id="e223d74b-b9f1-e2c9-d50a-891ce7418eb4">
      <Execution id="dbeb01ed-10e3-4e91-bc5d-396abc899768" />
      <TestMethod codeBase="/home/meberl/projects/trinity/r2/tests/Trinity.Vocabulary.Tests/bin/Release/net8.0/Semiodesk.Trinity.Vocabulary.Tests.dll" adapterTypeName="executor://nunit3testexecutor/" className="Semiodesk.Trinity.Vocabulary.Tests.VocabularyGeneratorTest" name="GeneratesEveryMemberOfTheCommittedVocabulary(&quot;nco&quot;,&quot;nco.trig&quot;,&quot;http://www.semanticdesktop.org/ontologies/2007/03/22/nco#&quot;)" />
    </UnitTest>
    <UnitTest name="OutputIsDeterministic" storage="/home/meberl/projects/trinity/r2/tests/trinity.vocabulary.tests/bin/release/net8.0/semiodesk.trinity.vocabulary.tests.dll" id="99fd881f-9ab4-0835-5bce-34fed7fc99b2">
      <Execution id="e3f0dee0-1089-4963-a68e-9467981c0bfc" />
      <TestMethod codeBase="/home/meberl/projects/trinity/r2/tests/Trinity.Vocabulary.Tests/bin/Release/net8.0/Semiodesk.Trinity.Vocabulary.Tests.dll" adapterTypeName="executor://nunit3testexecutor/" className="Semiodesk.Trinity.Vocabulary.Tests.VocabularyGeneratorTest" name="OutputIsDeterministic" />
    </UnitTest>
    <UnitTest name="ClassifiesTermsIntoClassPropertyAndResource" storage="/home/meberl/projects/trinity/r2/tests/trinity.vocabulary.tests/bin/release/net8.0/semiodesk.trinity.vocabulary.tests.dll" id="0fe59392-a743-d69d-13b8-06e97c1d6565">
      <Execution id="60766c58-d280-434a-938a-8e1660fdcc33" />
      <TestMethod codeBase="/home/meberl/projects/trinity/r2/tests/Trinity.Vocabulary.Tests/bin/Release/net8.0/Semiodesk.Trinity.Vocabulary.Tests.dll" adapterTypeName="executor://nunit3testexecutor/" className="Semiodesk.Trinity.Vocabulary.Tests.VocabularyGeneratorTest" name="ClassifiesTermsIntoClassPropertyAndResource" />
    </UnitTest>
    <UnitTest name="TriG" storage="/home/meberl/projects/trinity/r2/tests/trinity.vocabulary.tests/bin/release/net8.0/semiodesk.trinity.vocabulary.tests.dll" id="7555ff81-2032-cb84-eb78-9ced32d24cc7">
      <Execution id="f5c96391-ecad-4514-bf44-c90c69b655e5" />
      <TestMethod codeBase="/home/meberl/projects/trinity/r2/tests/Trinity.Vocabulary.Tests/bin/Release/net8.0/Semiodesk.Trinity.Vocabulary.Tests.dll" adapterTypeName="executor://nunit3testexecutor/" className="Semiodesk.Trinity.Vocabulary.Tests.VocabularyGeneratorTest" name="TriG" />
    </UnitTest>
    <UnitTest name="N3 (owl)" storage="/home/meberl/projects/trinity/r2/tests/trinity.vocabulary.tests/bin/release/net8.0/semiodesk.trinity.vocabulary.tests.dll" id="5b9c6f7e-f264-7ef5-3f29-24bed05c2655">
      <Execution id="4f81153e-cde1-4aea-bf2b-4211c067cced" />
      <TestMethod codeBase="/home/meberl/projects/trinity/r2/tests/Trinity.Vocabulary.Tests/bin/Release/net8.0/Semiodesk.Trinity.Vocabulary.Tests.dll" adapterTypeName="executor://nunit3testexecutor/" className="Semiodesk.Trinity.Vocabulary.Tests.VocabularyGeneratorTest" name="N3 (owl)" />
    </UnitTest>
    <UnitTest name="RejectsAVocabularyWithoutAPrefix" storage="/home/meberl/projects/trinity/r2/tests/trinity.vocabulary.tests/bin/release/net8.0/semiodesk.trinity.vocabulary.tests.dll" id="01aef6f6-461e-1abc-761f-a6b831ce8e6b">
      <Execution id="155b60fc-7836-44a0-9333-c615218218b9" />
      <TestMethod codeBase="/home/meberl/projects/trinity/r2/tests/Trinity.Vocabulary.Tests/bin/Release/net8.0/Semiodesk.Trinity.Vocabulary.Tests.dll" adapterTypeName="executor://nunit3testexecutor/" className="Semiodesk.Trinity.Vocabulary.Tests.VocabularyToolTest" name="RejectsAVocabularyWithoutAPrefix" />
    </UnitTest>
    <UnitTest name="ReproducesEveryTermOfTheHandWrittenVocabulary" storage="/home/meberl/projects/trinity/r2/tests/trinity.vocabulary.tests/bin/release/net8.0/semiodesk.trinity.vocabulary.tests.dll" id="3a3ba5c0-266e-a2bc-2a2c-adb7d2ab9cda">
      <Execution id="ddef7507-3bc6-46b4-83d8-2298bb546521" />
      <TestMethod codeBase="/home/meberl/projects/trinity/r2/tests/Trinity.Vocabulary.Tests/bin/Release/net8.0/Semiodesk.Trinity.Vocabulary.Tests.dll" adapterTypeName="executor://nunit3testexecutor/" className="Semiodesk.Trinity.Vocabulary.Tests.VocabularyGeneratorTest" name="ReproducesEveryTermOfTheHandWrittenVocabulary" />
    </UnitTest>
    <UnitTest name="SanitizesKeywordsAndLeadingDigits" storage="/home/meberl/projects/trinity/r2/tests/trinity.vocabulary.tests/bin/release/net8.0/semiodesk.trinity.vocabulary.tests.dll" id="e495fabb-2e5e-6349-279c-1af1092320fc">
      <Execution id="07d78613-aa9d-4c4f-b835-1b48a87a85ba" />
      <TestMethod codeBase="/home/meberl/projects/trinity/r2/tests/Trinity.Vocabulary.Tests/bin/Release/net8.0/Semiodesk.Trinity.Vocabulary.Tests.dll" adapterTypeName="executor://nunit3testexecutor/" className="Semiodesk.Trinity.Vocabulary.Tests.VocabularyGeneratorTest" name="SanitizesKeywordsAndLeadingDigits" />
    </UnitTest>
    <UnitTest name="ReportsAMissingManifest" storage="/home/meberl/projects/trinity/r2/tests/trinity.vocabulary.tests/bin/release/net8.0/semiodesk.trinity.vocabulary.tests.dll" id="10dff718-a15e-c075-6da0-afc8b49ac638">
      <Execution id="06400486-df1f-4070-9993-ea892e306de3" />
      <TestMethod codeBase="/home/meberl/projects/trinity/r2/tests/Trinity.Vocabulary.Tests/bin/Release/net8.0/Semiodesk.Trinity.Vocabulary.Tests.dll" adapterTypeName="executor://nunit3testexecutor/" className="Semiodesk.Trinity.Vocabulary.Tests.VocabularyToolTest" name="ReportsAMissingManifest" />
    </UnitTest>
  </TestDefinitions>
  <TestEntries>
    <TestEntry testId="e495fabb-2e5e-6349-279c-1af1092320fc" executionId="07d78613-aa9d-4c4f-b835-1b48a87a85ba" testListId="8c84fa94-04c1-424b-9868-57a2d4851a1d" />
    <TestEntry testId="b07c5b0c-e36b-81ec-09da-0030f0f336f6" executionId="2478196d-3c00-41f2-8623-a6b685e635e4" testListId="8c84fa94-04c1-424b-9868-57a2d4851a1d" />
    <TestEntry testId="093acc89-5afc-37fb-49de-2990e8af141a" executionId="cff3e44a-982c-474f-a22e-6cb7c3192f1d" testListId="8c84fa94-04c1-424b-9868-57a2d4851a1d" />
    <TestEntry testId="5b9c6f7e-f264-7ef5-3f29-24bed05c2655" executionId="4f81153e-cde1-4aea-bf2b-4211c067cced" testListId="8c84fa94-04c1-424b-9868-57a2d4851a1d" />
    <TestEntry testId="6738aa0c-d0fc-ddf6-7f01-d2efae397153" executionId="5866cb5f-fd1b-4d54-8f29-bbb1c67db502" testListId="8c84fa94-04c1-424b-9868-57a2d4851a1d" />
    <TestEntry testId="99fd881f-9ab4-0835-5bce-34fed7fc99b2" executionId="e3f0dee0-1089-4963-a68e-9467981c0bfc" testListId="8c84fa94-04c1-424b-9868-57a2d4851a1d" />
    <TestEntry testId="01aef6f6-461e-1abc-761f-a6b831ce8e6b" executionId="155b60fc-7836-44a0-9333-c615218218b9" testListId="8c84fa94-04c1-424b-9868-57a2d4851a1d" />
    <TestEntry testId="4dd709f8-44de-1495-eecc-e8036b4d195e" executionId="ef262140-399a-4874-8a54-80e3170f2d83" testListId="8c84fa94-04c1-424b-9868-57a2d4851a1d" />
    <TestEntry testId="0fe59392-a743-d69d-13b8-06e97c1d6565" executionId="60766c58-d280-434a-938a-8e1660fdcc33" testListId="8c84fa94-04c1-424b-9868-57a2d4851a1d" />
    <TestEntry testId="03b447df-82a7-dd82-5e06-a0f625287c2e" executionId="98803830-c912-45d6-a6b0-57d43ae230c9" testListId="8c84fa94-04c1-424b-9868-57a2d4851a1d" />
    <TestEntry testId="c8921cd8-cafc-2288-df0e-cc560307d544" executionId="33736387-86f2-4518-92ba-5268014df2d8" testListId="8c84fa94-04c1-424b-9868-57a2d4851a1d" />
    <TestEntry testId="cafdc98f-8cff-ad8b-75d5-4090ffdc84dc" executionId="b9779d52-43d7-4e18-8f61-73ea9c3f5033" testListId="8c84fa94-04c1-424b-9868-57a2d4851a1d" />
    <TestEntry testId="869d6562-df9f-8667-2754-5fcb12e1629a" executionId="dbc952cc-16a1-4888-b8f5-4c16e9c6d7c6" testListId="8c84fa94-04c1-424b-9868-57a2d4851a1d" />
    <TestEntry testId="3a3ba5c0-266e-a2bc-2a2c-adb7d2ab9cda" executionId="ddef7507-3bc6-46b4-83d8-2298bb546521" testListId="8c84fa94-04c1-424b-9868-57a2d4851a1d" />
    <TestEntry testId="10dff718-a15e-c075-6da0-afc8b49ac638" executionId="06400486-df1f-4070-9993-ea892e306de3" testListId="8c84fa94-04c1-424b-9868-57a2d4851a1d" />
    <TestEntry testId="2132a652-bc6d-0900-46f7-08fcd4f71c94" executionId="d90692f7-6636-4064-be30-9163277e93b9" testListId="8c84fa94-04c1-424b-9868-57a2d4851a1d" />
    <TestEntry testId="1ac14839-fbc5-350a-3ddb-a1857be248ef" executionId="e704231d-3510-423c-b7b3-a32080fe2a8e" testListId="8c84fa94-04c1-424b-9868-57a2d4851a1d" />
    <TestEntry testId="7555ff81-2032-cb84-eb78-9ced32d24cc7" executionId="f5c96391-ecad-4514-bf44-c90c69b655e5" testListId="8c84fa94-04c1-424b-9868-57a2d4851a1d" />
    <TestEntry testId="51a24f0f-8fd9-6684-4cef-5ac41c1d6733" executionId="d6bab739-8587-49e6-9e71-4883fd431280" testListId="8c84fa94-04c1-424b-9868-57a2d4851a1d" />
    <TestEntry testId="10f6345f-2d88-f63c-7abf-0aae268e0ec5" executionId="0f5d52c4-9f63-48bb-ac3e-fab727560a5b" testListId="8c84fa94-04c1-424b-9868-57a2d4851a1d" />
    <TestEntry testId="8adf54f3-6eb2-1fad-9e04-df5c40b7e02b" executionId="f50dbc2d-5b78-4f9a-b49a-6dfa6791c1f6" testListId="8c84fa94-04c1-424b-9868-57a2d4851a1d" />
    <TestEntry testId="ed8ff777-a53e-621c-acbb-14c5e1d4cb19" executionId="70797144-61a3-41e2-ad81-f662de2245a2" testListId="8c84fa94-04c1-424b-9868-57a2d4851a1d" />
    <TestEntry testId="0dc8d864-d397-403c-ab41-289138ec5fbe" executionId="f2d74471-ccce-4da7-9e1c-4f261796ba0a" testListId="8c84fa94-04c1-424b-9868-57a2d4851a1d" />
    <TestEntry testId="e223d74b-b9f1-e2c9-d50a-891ce7418eb4" executionId="dbeb01ed-10e3-4e91-bc5d-396abc899768" testListId="8c84fa94-04c1-424b-9868-57a2d4851a1d" />
    <TestEntry testId="b396625d-f74b-e2ae-e0c7-4957cf87c91c" executionId="d9b6f3b7-d9c0-467e-bdc8-3b9308a5979d" testListId="8c84fa94-04c1-424b-9868-57a2d4851a1d" />
    <TestEntry testId="78478ba2-f68c-f59c-8852-82d2e108a13f" executionId="27c181b2-eaae-4a1c-b324-facf03633f23" testListId="8c84fa94-04c1-424b-9868-57a2d4851a1d" />
    <TestEntry testId="76cd7aee-0241-b087-ad39-e66874bebae1" executionId="032a1c04-de3e-4e83-a066-2bffe6495814" testListId="8c84fa94-04c1-424b-9868-57a2d4851a1d" />
    <TestEntry testId="5d820ec2-c428-9654-7d9a-2afe23707600" executionId="664d283a-0655-44c8-b77d-9f653a841025" testListId="8c84fa94-04c1-424b-9868-57a2d4851a1d" />
    <TestEntry testId="d30788de-ad3f-06f7-69f2-ba5efb5ad6c6" executionId="77502ff8-bd3a-4e51-8340-813519fc096e" testListId="8c84fa94-04c1-424b-9868-57a2d4851a1d" />
  </TestEntries>
  <TestLists>
    <TestList name="Results Not in a List" id="8c84fa94-04c1-424b-9868-57a2d4851a1d" />
    <TestList name="All Loaded Results" id="19431567-8539-422a-85d7-44ee4e166bda" />
  </TestLists>
  <ResultSummary outcome="Completed">
    <Counters total="29" executed="29" passed="29" failed="0" error="0" timeout="0" aborted="0" inconclusive="0" passedButRunAborted="0" notRunnable="0" notExecuted="0" disconnected="0" warning="0" completed="0" inProgress="0" pending="0" />
    <Output>
      <StdOut>NUnit Adapter 4.6.0.0: Test execution started
Running all tests in /home/meberl/projects/trinity/r2/tests/Trinity.Vocabulary.Tests/bin/Release/net8.0/Semiodesk.Trinity.Vocabulary.Tests.dll
   NUnit3TestExecutor discovered 29 of 29 NUnit test cases using Current Discovery mode, Non-Explicit run
NUnit Adapter 4.6.0.0: Test execution complete
</StdOut>
    </Output>
  </ResultSummary>
</TestRun>