<?xml version="1.0" encoding="utf-8"?>
<TestRun id="9e0b9815-da9a-469d-83cd-06e000fe49d1" name="@WSC-NB335 2026-08-24 17:01:54" xmlns="http://microsoft.com/schemas/VisualStudio/TeamTest/2010">
  <Times creation="2026-08-24T17:01:54.2043922+02:00" queuing="2026-08-24T17:01:54.2043923+02:00" start="2026-08-24T17:01:53.1434404+02:00" finish="2026-08-24T17:01:54.9988630+02:00" />
  <TestSettings name="default" id="b750f86a-4911-4669-b93c-2427218f8fd4">
    <Deployment runDeploymentRoot="_WSC-NB335_2026-08-24_17_01_54" />
  </TestSettings>
  <Results>
    <UnitTestResult executionId="aa021f12-182f-4b24-a81e-e9aba675415b" testId="abfcb832-b84b-6fc6-7d63-048a469dccc3" testName="ReportsNestedMappedType" computerName="WSC-NB335" duration="00:00:00.0323340" startTime="2026-08-24T17:01:54.2720397+02:00" endTime="2026-08-24T17:01:54.3043740+02:00" testType="13cdc9d9-ddb5-4fa4-a97d-d965ccfc6d4b" outcome="Passed" testListId="8c84fa94-04c1-424b-9868-57a2d4851a1d" relativeResultsDirectory="aa021f12-182f-4b24-a81e-e9aba675415b" />
    <UnitTestResult executionId="b020d38c-baf4-48e3-aff1-42b54233027b" testId="ca153e34-e8e2-5cd6-cdcf-0bc482fa174c" testName="ReportsMappedClassWithoutAUriConstructor" computerName="WSC-NB335" duration="00:00:00.0646360" startTime="2026-08-24T17:01:54.2073637+02:00" endTime="2026-08-24T17:01:54.2719996+02:00" testType="13cdc9d9-ddb5-4fa4-a97d-d965ccfc6d4b" outcome="Passed" testListId="8c84fa94-04c1-424b-9868-57a2d4851a1d" relativeResultsDirectory="b020d38c-baf4-48e3-aff1-42b54233027b" />
    <UnitTestResult executionId="b0f72a20-2688-4cf4-9411-d61c6f9891bc" testId="b15fd5c8-8152-20cd-5c07-75b4d843a1dc" testName="GeneratedAccessorsRoundtripInMemory" computerName="WSC-NB335" duration="00:00:00.0055500" startTime="2026-08-24T17:01:53.4548519+02:00" endTime="2026-08-24T17:01:53.4604015+02:00" testType="13cdc9d9-ddb5-4fa4-a97d-d965ccfc6d4b" outcome="Passed" testListId="8c84fa94-04c1-424b-9868-57a2d4851a1d" relativeResultsDirectory="b0f72a20-2688-4cf4-9411-d61c6f9891bc" />
    <UnitTestResult executionId="ae926d35-94b2-41c9-8ad4-20e4bc7b40b5" testId="cc7b349a-25ea-00b7-9f52-801731a43e2d" testName="ReportsMappedClassThatIsNotAResource" computerName="WSC-NB335" duration="00:00:00.0429970" startTime="2026-08-24T17:01:54.1643303+02:00" endTime="2026-08-24T17:01:54.2073267+02:00" testType="13cdc9d9-ddb5-4fa4-a97d-d965ccfc6d4b" outcome="Passed" testListId="8c84fa94-04c1-424b-9868-57a2d4851a1d" relativeResultsDirectory="ae926d35-94b2-41c9-8ad4-20e4bc7b40b5" />
    <UnitTestResult executionId="c0dd50d4-1856-4ead-90b9-8dcfdbbe79f7" testId="222705ef-7e6e-df1d-c2a4-47e70b90faaa" testName="StaysSilentWhenNoVocabularyIsGenerated" computerName="WSC-NB335" duration="00:00:00.0400029" startTime="2026-08-24T17:01:54.9099582+02:00" endTime="2026-08-24T17:01:54.9499609+02:00" testType="13cdc9d9-ddb5-4fa4-a97d-d965ccfc6d4b" outcome="Passed" testListId="8c84fa94-04c1-424b-9868-57a2d4851a1d" relativeResultsDirectory="c0dd50d4-1856-4ead-90b9-8dcfdbbe79f7" />
    <UnitTestResult executionId="a3a77e26-4ef3-4c00-b507-85b20b374dbd" testId="5e33563d-a103-073b-e91b-04891f8770b9" testName="ReportsAClassWithMappedPropertiesButNoRdfClass" computerName="WSC-NB335" duration="00:00:00.5146340" startTime="2026-08-24T17:01:53.5434503+02:00" endTime="2026-08-24T17:01:54.0580842+02:00" testType="13cdc9d9-ddb5-4fa4-a97d-d965ccfc6d4b" outcome="Passed" testListId="8c84fa94-04c1-424b-9868-57a2d4851a1d" relativeResultsDirectory="a3a77e26-4ef3-4c00-b507-85b20b374dbd" />
    <UnitTestResult executionId="f43df76c-cf45-4761-bfa7-e9dc0b5c1789" testId="3620e290-513d-d18d-1d57-3087259e499c" testName="StaysSilentForAnUnknownNamespace" computerName="WSC-NB335" duration="00:00:00.0283640" startTime="2026-08-24T17:01:54.8547922+02:00" endTime="2026-08-24T17:01:54.8831558+02:00" testType="13cdc9d9-ddb5-4fa4-a97d-d965ccfc6d4b" outcome="Passed" testListId="8c84fa94-04c1-424b-9868-57a2d4851a1d" relativeResultsDirectory="f43df76c-cf45-4761-bfa7-e9dc0b5c1789" />
    <UnitTestResult executionId="67bbc9d6-5ed6-47ee-b8c7-12266c5c9043" testId="345cca0a-5eed-8b66-c253-e8d4756b2fe4" testName="PersistsAndReloadsViaMemoryStore" computerName="WSC-NB335" duration="00:00:00.0779820" startTime="2026-08-24T17:01:53.4640769+02:00" endTime="2026-08-24T17:01:53.5420588+02:00" testType="13cdc9d9-ddb5-4fa4-a97d-d965ccfc6d4b" outcome="Passed" testListId="8c84fa94-04c1-424b-9868-57a2d4851a1d" relativeResultsDirectory="67bbc9d6-5ed6-47ee-b8c7-12266c5c9043" />
    <UnitTestResult executionId="33627833-2552-49e2-9def-732ed64c12b3" testId="236a8f8e-0664-7223-8a9e-eff04ede455e" testName="GetTypesReturnsTheRdfClass" computerName="WSC-NB335" duration="00:00:00.0003890" startTime="2026-08-24T17:01:53.4604265+02:00" endTime="2026-08-24T17:01:53.4608159+02:00" testType="13cdc9d9-ddb5-4fa4-a97d-d965ccfc6d4b" outcome="Passed" testListId="8c84fa94-04c1-424b-9868-57a2d4851a1d" relativeResultsDirectory="33627833-2552-49e2-9def-732ed64c12b3" />
    <UnitTestResult executionId="851eb609-ed4d-43f7-9941-86f0aed540ef" testId="f9fdd10b-55d1-056c-bf59-9cb85993ae19" testName="ReportsAMistypedClassUri" computerName="WSC-NB335" duration="00:00:00.1993649" startTime="2026-08-24T17:01:54.5357752+02:00" endTime="2026-08-24T17:01:54.7351398+02:00" testType="13cdc9d9-ddb5-4fa4-a97d-d965ccfc6d4b" outcome="Passed" testListId="8c84fa94-04c1-424b-9868-57a2d4851a1d" relativeResultsDirectory="851eb609-ed4d-43f7-9941-86f0aed540ef" />
    <UnitTestResult executionId="0ea235a3-ef69-48f4-b402-b7fb9b6f7117" testId="1306fa39-8ae3-0aa7-ef00-638582148b4e" testName="ReportsNothingForAnAbstractMappedClass" computerName="WSC-NB335" duration="00:00:00.0391380" startTime="2026-08-24T17:01:54.3539015+02:00" endTime="2026-08-24T17:01:54.3930388+02:00" testType="13cdc9d9-ddb5-4fa4-a97d-d965ccfc6d4b" outcome="Passed" testListId="8c84fa94-04c1-424b-9868-57a2d4851a1d" relativeResultsDirectory="0ea235a3-ef69-48f4-b402-b7fb9b6f7117" />
    <UnitTestResult executionId="23f2cff9-8d14-4d45-b740-f3010ca717e9" testId="52ee627f-8f95-1fb4-41be-676b8797d05d" testName="MappingIsDiscoveredAndListed" computerName="WSC-NB335" duration="00:00:00.0010030" startTime="2026-08-24T17:01:53.4630544+02:00" endTime="2026-08-24T17:01:53.4640577+02:00" testType="13cdc9d9-ddb5-4fa4-a97d-d965ccfc6d4b" outcome="Passed" testListId="8c84fa94-04c1-424b-9868-57a2d4851a1d" relativeResultsDirectory="23f2cff9-8d14-4d45-b740-f3010ca717e9" />
    <UnitTestResult executionId="02ff6d4f-1e8b-4c3f-950d-0755c91f921f" testId="5ec9a3a6-fe31-c859-daa6-88aa905b964d" testName="StaysSilentForAHandWrittenVocabulary" computerName="WSC-NB335" duration="00:00:00.0325430" startTime="2026-08-24T17:01:54.8222207+02:00" endTime="2026-08-24T17:01:54.8547632+02:00" testType="13cdc9d9-ddb5-4fa4-a97d-d965ccfc6d4b" outcome="Passed" testListId="8c84fa94-04c1-424b-9868-57a2d4851a1d" relativeResultsDirectory="02ff6d4f-1e8b-4c3f-950d-0755c91f921f" />
    <UnitTestResult executionId="f1e85abb-49c6-4301-91ea-23202ccb4440" testId="250f3104-c361-69e4-5993-59b0e63ceb5e" testName="ReportsTheClassEvenWhenItsPropertiesAreAlsoNotPartial" computerName="WSC-NB335" duration="00:00:00.0516390" startTime="2026-08-24T17:01:54.4839657+02:00" endTime="2026-08-24T17:01:54.5356050+02:00" testType="13cdc9d9-ddb5-4fa4-a97d-d965ccfc6d4b" outcome="Passed" testListId="8c84fa94-04c1-424b-9868-57a2d4851a1d" relativeResultsDirectory="f1e85abb-49c6-4301-91ea-23202ccb4440" />
    <UnitTestResult executionId="f2b4ab91-f383-4bab-9d33-6628b3056629" testId="d3956049-f80b-eadc-bc0a-f268bf62c2a4" testName="CarriesAccessibilityAndVirtualOntoTheGeneratedHalf" computerName="WSC-NB335" duration="00:00:00.0034320" startTime="2026-08-24T17:01:53.4497241+02:00" endTime="2026-08-24T17:01:53.4531289+02:00" testType="13cdc9d9-ddb5-4fa4-a97d-d965ccfc6d4b" outcome="Passed" testListId="8c84fa94-04c1-424b-9868-57a2d4851a1d" relativeResultsDirectory="f2b4ab91-f383-4bab-9d33-6628b3056629" />
    <UnitTestResult executionId="be0929f4-2dc9-44f2-a68d-267a2b6a1516" testId="7f924c8f-0c53-eccf-45c4-bb6e88460c24" testName="StaysSilentWhenEveryUriIsAKnownTerm" computerName="WSC-NB335" duration="00:00:00.0267460" startTime="2026-08-24T17:01:54.8831841+02:00" endTime="2026-08-24T17:01:54.9099296+02:00" testType="13cdc9d9-ddb5-4fa4-a97d-d965ccfc6d4b" outcome="Passed" testListId="8c84fa94-04c1-424b-9868-57a2d4851a1d" relativeResultsDirectory="be0929f4-2dc9-44f2-a68d-267a2b6a1516" />
    <UnitTestResult executionId="e298d208-fe4a-4dc3-a96e-119e01db4ece" testId="ce97c190-b52d-8660-176a-985a6183ecee" testName="ReportsEveryApplicableClassProblemAtOnce" computerName="WSC-NB335" duration="00:00:00.0406829" startTime="2026-08-24T17:01:54.1236026+02:00" endTime="2026-08-24T17:01:54.1642851+02:00" testType="13cdc9d9-ddb5-4fa4-a97d-d965ccfc6d4b" outcome="Passed" testListId="8c84fa94-04c1-424b-9868-57a2d4851a1d" relativeResultsDirectory="e298d208-fe4a-4dc3-a96e-119e01db4ece" />
    <UnitTestResult executionId="91d88a37-3945-44f0-9ca6-4053ac66d96f" testId="f9660ed3-7ff0-6b1f-44ce-e637e41d66be" testName="ReportsClassThatIsNotPartial" computerName="WSC-NB335" duration="00:00:00.0654470" startTime="2026-08-24T17:01:54.0581165+02:00" endTime="2026-08-24T17:01:54.1235629+02:00" testType="13cdc9d9-ddb5-4fa4-a97d-d965ccfc6d4b" outcome="Passed" testListId="8c84fa94-04c1-424b-9868-57a2d4851a1d" relativeResultsDirectory="91d88a37-3945-44f0-9ca6-4053ac66d96f" />
    <UnitTestResult executionId="00682226-4e57-42a0-97be-2f84e896306f" testId="ff0ca230-e513-c526-a313-4d2f1a11026f" testName="ReportsNothingForACorrectlyAuthoredClass" computerName="WSC-NB335" duration="00:00:00.0494610" startTime="2026-08-24T17:01:54.3044069+02:00" endTime="2026-08-24T17:01:54.3538675+02:00" testType="13cdc9d9-ddb5-4fa4-a97d-d965ccfc6d4b" outcome="Passed" testListId="8c84fa94-04c1-424b-9868-57a2d4851a1d" relativeResultsDirectory="00682226-4e57-42a0-97be-2f84e896306f" />
    <UnitTestResult executionId="22af63c6-a6d0-4577-80df-34cfe9819032" testId="b1289330-20c3-f913-f9ea-1e37570bc98e" testName="ReportsPropertyThatIsNotPartial" computerName="WSC-NB335" duration="00:00:00.0363560" startTime="2026-08-24T17:01:54.4475753+02:00" endTime="2026-08-24T17:01:54.4839311+02:00" testType="13cdc9d9-ddb5-4fa4-a97d-d965ccfc6d4b" outcome="Passed" testListId="8c84fa94-04c1-424b-9868-57a2d4851a1d" relativeResultsDirectory="22af63c6-a6d0-4577-80df-34cfe9819032" />
    <UnitTestResult executionId="a08ddfec-8699-4e98-af24-c199a735cae6" testId="c4f8bead-7050-50ee-a131-7c002cccbecd" testName="HidingPropertyHasItsOwnStorage" computerName="WSC-NB335" duration="00:00:00.0022080" startTime="2026-08-24T17:01:53.4608268+02:00" endTime="2026-08-24T17:01:53.4630349+02:00" testType="13cdc9d9-ddb5-4fa4-a97d-d965ccfc6d4b" outcome="Passed" testListId="8c84fa94-04c1-424b-9868-57a2d4851a1d" relativeResultsDirectory="a08ddfec-8699-4e98-af24-c199a735cae6" />
    <UnitTestResult executionId="98356e88-5e24-4d91-b0fb-f670214420f3" testId="5ce0776f-dc85-28a5-e5e9-e7c63fbbb9ee" testName="ReportsOnlyThePropertyWhenTheClassIsAlreadyPartial" computerName="WSC-NB335" duration="00:00:00.0544710" startTime="2026-08-24T17:01:54.3930704+02:00" endTime="2026-08-24T17:01:54.4475408+02:00" testType="13cdc9d9-ddb5-4fa4-a97d-d965ccfc6d4b" outcome="Passed" testListId="8c84fa94-04c1-424b-9868-57a2d4851a1d" relativeResultsDirectory="98356e88-5e24-4d91-b0fb-f670214420f3" />
    <UnitTestResult executionId="184bba08-17c3-4eb0-b645-af2cac6de444" testId="76e453cf-7ee2-e4c4-eaad-1724bbddc163" testName="ReportsAMistypedPropertyUri" computerName="WSC-NB335" duration="00:00:00.0870250" startTime="2026-08-24T17:01:54.7351667+02:00" endTime="2026-08-24T17:01:54.8221919+02:00" testType="13cdc9d9-ddb5-4fa4-a97d-d965ccfc6d4b" outcome="Passed" testListId="8c84fa94-04c1-424b-9868-57a2d4851a1d" relativeResultsDirectory="184bba08-17c3-4eb0-b645-af2cac6de444" />
  </Results>
  <TestDefinitions>
    <UnitTest name="ReportsNothingForACorrectlyAuthoredClass" storage="/home/meberl/projects/trinity/r2/tests/trinity.generator.tests/bin/release/net8.0/semiodesk.trinity.generator.tests.dll" id="ff0ca230-e513-c526-a313-4d2f1a11026f">
      <Execution id="00682226-4e57-42a0-97be-2f84e896306f" />
      <TestMethod codeBase="/home/meberl/projects/trinity/r2/tests/Trinity.Generator.Tests/bin/Release/net8.0/Semiodesk.Trinity.Generator.Tests.dll" adapterTypeName="executor://nunit3testexecutor/" className="Semiodesk.Trinity.Generator.Tests.MappingDiagnosticsTest" name="ReportsNothingForACorrectlyAuthoredClass" />
    </UnitTest>
    <UnitTest name="MappingIsDiscoveredAndListed" storage="/home/meberl/projects/trinity/r2/tests/trinity.generator.tests/bin/release/net8.0/semiodesk.trinity.generator.tests.dll" id="52ee627f-8f95-1fb4-41be-676b8797d05d">
      <Execution id="23f2cff9-8d14-4d45-b740-f3010ca717e9" />
      <TestMethod codeBase="/home/meberl/projects/trinity/r2/tests/Trinity.Generator.Tests/bin/Release/net8.0/Semiodesk.Trinity.Generator.Tests.dll" adapterTypeName="executor://nunit3testexecutor/" className="Semiodesk.Trinity.Generator.Tests.GeneratorMappingTest" name="MappingIsDiscoveredAndListed" />
    </UnitTest>
    <UnitTest name="PersistsAndReloadsViaMemoryStore" storage="/home/meberl/projects/trinity/r2/tests/trinity.generator.tests/bin/release/net8.0/semiodesk.trinity.generator.tests.dll" id="345cca0a-5eed-8b66-c253-e8d4756b2fe4">
      <Execution id="67bbc9d6-5ed6-47ee-b8c7-12266c5c9043" />
      <TestMethod codeBase="/home/meberl/projects/trinity/r2/tests/Trinity.Generator.Tests/bin/Release/net8.0/Semiodesk.Trinity.Generator.Tests.dll" adapterTypeName="executor://nunit3testexecutor/" className="Semiodesk.Trinity.Generator.Tests.GeneratorMappingTest" name="PersistsAndReloadsViaMemoryStore" />
    </UnitTest>
    <UnitTest name="StaysSilentWhenEveryUriIsAKnownTerm" storage="/home/meberl/projects/trinity/r2/tests/trinity.generator.tests/bin/release/net8.0/semiodesk.trinity.generator.tests.dll" id="7f924c8f-0c53-eccf-45c4-bb6e88460c24">
      <Execution id="be0929f4-2dc9-44f2-a68d-267a2b6a1516" />
      <TestMethod codeBase="/home/meberl/projects/trinity/r2/tests/Trinity.Generator.Tests/bin/Release/net8.0/Semiodesk.Trinity.Generator.Tests.dll" adapterTypeName="executor://nunit3testexecutor/" className="Semiodesk.Trinity.Generator.Tests.VocabularyUriAnalyzerTest" name="StaysSilentWhenEveryUriIsAKnownTerm" />
    </UnitTest>
    <UnitTest name="StaysSilentForAnUnknownNamespace" storage="/home/meberl/projects/trinity/r2/tests/trinity.generator.tests/bin/release/net8.0/semiodesk.trinity.generator.tests.dll" id="3620e290-513d-d18d-1d57-3087259e499c">
      <Execution id="f43df76c-cf45-4761-bfa7-e9dc0b5c1789" />
      <TestMethod codeBase="/home/meberl/projects/trinity/r2/tests/Trinity.Generator.Tests/bin/Release/net8.0/Semiodesk.Trinity.Generator.Tests.dll" adapterTypeName="executor://nunit3testexecutor/" className="Semiodesk.Trinity.Generator.Tests.VocabularyUriAnalyzerTest" name="StaysSilentForAnUnknownNamespace" />
    </UnitTest>
    <UnitTest name="HidingPropertyHasItsOwnStorage" storage="/home/meberl/projects/trinity/r2/tests/trinity.generator.tests/bin/release/net8.0/semiodesk.trinity.generator.tests.dll" id="c4f8bead-7050-50ee-a131-7c002cccbecd">
      <Execution id="a08ddfec-8699-4e98-af24-c199a735cae6" />
      <TestMethod codeBase="/home/meberl/projects/trinity/r2/tests/Trinity.Generator.Tests/bin/Release/net8.0/Semiodesk.Trinity.Generator.Tests.dll" adapterTypeName="executor://nunit3testexecutor/" className="Semiodesk.Trinity.Generator.Tests.GeneratorMappingTest" name="HidingPropertyHasItsOwnStorage" />
    </UnitTest>
    <UnitTest name="ReportsClassThatIsNotPartial" storage="/home/meberl/projects/trinity/r2/tests/trinity.generator.tests/bin/release/net8.0/semiodesk.trinity.generator.tests.dll" id="f9660ed3-7ff0-6b1f-44ce-e637e41d66be">
      <Execution id="91d88a37-3945-44f0-9ca6-4053ac66d96f" />
      <TestMethod codeBase="/home/meberl/projects/trinity/r2/tests/Trinity.Generator.Tests/bin/Release/net8.0/Semiodesk.Trinity.Generator.Tests.dll" adapterTypeName="executor://nunit3testexecutor/" className="Semiodesk.Trinity.Generator.Tests.MappingDiagnosticsTest" name="ReportsClassThatIsNotPartial" />
    </UnitTest>
    <UnitTest name="ReportsMappedClassWithoutAUriConstructor" storage="/home/meberl/projects/trinity/r2/tests/trinity.generator.tests/bin/release/net8.0/semiodesk.trinity.generator.tests.dll" id="ca153e34-e8e2-5cd6-cdcf-0bc482fa174c">
      <Execution id="b020d38c-baf4-48e3-aff1-42b54233027b" />
      <TestMethod codeBase="/home/meberl/projects/trinity/r2/tests/Trinity.Generator.Tests/bin/Release/net8.0/Semiodesk.Trinity.Generator.Tests.dll" adapterTypeName="executor://nunit3testexecutor/" className="Semiodesk.Trinity.Generator.Tests.MappingDiagnosticsTest" name="ReportsMappedClassWithoutAUriConstructor" />
    </UnitTest>
    <UnitTest name="ReportsTheClassEvenWhenItsPropertiesAreAlsoNotPartial" storage="/home/meberl/projects/trinity/r2/tests/trinity.generator.tests/bin/release/net8.0/semiodesk.trinity.generator.tests.dll" id="250f3104-c361-69e4-5993-59b0e63ceb5e">
      <Execution id="f1e85abb-49c6-4301-91ea-23202ccb4440" />
      <TestMethod codeBase="/home/meberl/projects/trinity/r2/tests/Trinity.Generator.Tests/bin/Release/net8.0/Semiodesk.Trinity.Generator.Tests.dll" adapterTypeName="executor://nunit3testexecutor/" className="Semiodesk.Trinity.Generator.Tests.MappingDiagnosticsTest" name="ReportsTheClassEvenWhenItsPropertiesAreAlsoNotPartial" />
    </UnitTest>
    <UnitTest name="ReportsEveryApplicableClassProblemAtOnce" storage="/home/meberl/projects/trinity/r2/tests/trinity.generator.tests/bin/release/net8.0/semiodesk.trinity.generator.tests.dll" id="ce97c190-b52d-8660-176a-985a6183ecee">
      <Execution id="e298d208-fe4a-4dc3-a96e-119e01db4ece" />
      <TestMethod codeBase="/home/meberl/projects/trinity/r2/tests/Trinity.Generator.Tests/bin/Release/net8.0/Semiodesk.Trinity.Generator.Tests.dll" adapterTypeName="executor://nunit3testexecutor/" className="Semiodesk.Trinity.Generator.Tests.MappingDiagnosticsTest" name="ReportsEveryApplicableClassProblemAtOnce" />
    </UnitTest>
    <UnitTest name="ReportsAClassWithMappedPropertiesButNoRdfClass" storage="/home/meberl/projects/trinity/r2/tests/trinity.generator.tests/bin/release/net8.0/semiodesk.trinity.generator.tests.dll" id="5e33563d-a103-073b-e91b-04891f8770b9">
      <Execution id="a3a77e26-4ef3-4c00-b507-85b20b374dbd" />
      <TestMethod codeBase="/home/meberl/projects/trinity/r2/tests/Trinity.Generator.Tests/bin/Release/net8.0/Semiodesk.Trinity.Generator.Tests.dll" adapterTypeName="executor://nunit3testexecutor/" className="Semiodesk.Trinity.Generator.Tests.MappingDiagnosticsTest" name="ReportsAClassWithMappedPropertiesButNoRdfClass" />
    </UnitTest>
    <UnitTest name="ReportsNothingForAnAbstractMappedClass" storage="/home/meberl/projects/trinity/r2/tests/trinity.generator.tests/bin/release/net8.0/semiodesk.trinity.generator.tests.dll" id="1306fa39-8ae3-0aa7-ef00-638582148b4e">
      <Execution id="0ea235a3-ef69-48f4-b402-b7fb9b6f7117" />
      <TestMethod codeBase="/home/meberl/projects/trinity/r2/tests/Trinity.Generator.Tests/bin/Release/net8.0/Semiodesk.Trinity.Generator.Tests.dll" adapterTypeName="executor://nunit3testexecutor/" className="Semiodesk.Trinity.Generator.Tests.MappingDiagnosticsTest" name="ReportsNothingForAnAbstractMappedClass" />
    </UnitTest>
    <UnitTest name="StaysSilentWhenNoVocabularyIsGenerated" storage="/home/meberl/projects/trinity/r2/tests/trinity.generator.tests/bin/release/net8.0/semiodesk.trinity.generator.tests.dll" id="222705ef-7e6e-df1d-c2a4-47e70b90faaa">
      <Execution id="c0dd50d4-1856-4ead-90b9-8dcfdbbe79f7" />
      <TestMethod codeBase="/home/meberl/projects/trinity/r2/tests/Trinity.Generator.Tests/bin/Release/net8.0/Semiodesk.Trinity.Generator.Tests.dll" adapterTypeName="executor://nunit3testexecutor/" className="Semiodesk.Trinity.Generator.Tests.VocabularyUriAnalyzerTest" name="StaysSilentWhenNoVocabularyIsGenerated" />
    </UnitTest>
    <UnitTest name="CarriesAccessibilityAndVirtualOntoTheGeneratedHalf" storage="/home/meberl/projects/trinity/r2/tests/trinity.generator.tests/bin/release/net8.0/semiodesk.trinity.generator.tests.dll" id="d3956049-f80b-eadc-bc0a-f268bf62c2a4">
      <Execution id="f2b4ab91-f383-4bab-9d33-6628b3056629" />
      <TestMethod codeBase="/home/meberl/projects/trinity/r2/tests/Trinity.Generator.Tests/bin/Release/net8.0/Semiodesk.Trinity.Generator.Tests.dll" adapterTypeName="executor://nunit3testexecutor/" className="Semiodesk.Trinity.Generator.Tests.GeneratorMappingTest" name="CarriesAccessibilityAndVirtualOntoTheGeneratedHalf" />
    </UnitTest>
    <UnitTest name="ReportsPropertyThatIsNotPartial" storage="/home/meberl/projects/trinity/r2/tests/trinity.generator.tests/bin/release/net8.0/semiodesk.trinity.generator.tests.dll" id="b1289330-20c3-f913-f9ea-1e37570bc98e">
      <Execution id="22af63c6-a6d0-4577-80df-34cfe9819032" />
      <TestMethod codeBase="/home/meberl/projects/trinity/r2/tests/Trinity.Generator.Tests/bin/Release/net8.0/Semiodesk.Trinity.Generator.Tests.dll" adapterTypeName="executor://nunit3testexecutor/" className="Semiodesk.Trinity.Generator.Tests.MappingDiagnosticsTest" name="ReportsPropertyThatIsNotPartial" />
    </UnitTest>
    <UnitTest name="ReportsOnlyThePropertyWhenTheClassIsAlreadyPartial" storage="/home/meberl/projects/trinity/r2/tests/trinity.generator.tests/bin/release/net8.0/semiodesk.trinity.generator.tests.dll" id="5ce0776f-dc85-28a5-e5e9-e7c63fbbb9ee">
      <Execution id="98356e88-5e24-4d91-b0fb-f670214420f3" />
      <TestMethod codeBase="/home/meberl/projects/trinity/r2/tests/Trinity.Generator.Tests/bin/Release/net8.0/Semiodesk.Trinity.Generator.Tests.dll" adapterTypeName="executor://nunit3testexecutor/" className="Semiodesk.Trinity.Generator.Tests.MappingDiagnosticsTest" name="ReportsOnlyThePropertyWhenTheClassIsAlreadyPartial" />
    </UnitTest>
    <UnitTest name="ReportsNestedMappedType" storage="/home/meberl/projects/trinity/r2/tests/trinity.generator.tests/bin/release/net8.0/semiodesk.trinity.generator.tests.dll" id="abfcb832-b84b-6fc6-7d63-048a469dccc3">
      <Execution id="aa021f12-182f-4b24-a81e-e9aba675415b" />
      <TestMethod codeBase="/home/meberl/projects/trinity/r2/tests/Trinity.Generator.Tests/bin/Release/net8.0/Semiodesk.Trinity.Generator.Tests.dll" adapterTypeName="executor://nunit3testexecutor/" className="Semiodesk.Trinity.Generator.Tests.MappingDiagnosticsTest" name="ReportsNestedMappedType" />
    </UnitTest>
    <UnitTest name="GeneratedAccessorsRoundtripInMemory" storage="/home/meberl/projects/trinity/r2/tests/trinity.generator.tests/bin/release/net8.0/semiodesk.trinity.generator.tests.dll" id="b15fd5c8-8152-20cd-5c07-75b4d843a1dc">
      <Execution id="b0f72a20-2688-4cf4-9411-d61c6f9891bc" />
      <TestMethod codeBase="/home/meberl/projects/trinity/r2/tests/Trinity.Generator.Tests/bin/Release/net8.0/Semiodesk.Trinity.Generator.Tests.dll" adapterTypeName="executor://nunit3testexecutor/" className="Semiodesk.Trinity.Generator.Tests.GeneratorMappingTest" name="GeneratedAccessorsRoundtripInMemory" />
    </UnitTest>
    <UnitTest name="GetTypesReturnsTheRdfClass" storage="/home/meberl/projects/trinity/r2/tests/trinity.generator.tests/bin/release/net8.0/semiodesk.trinity.generator.tests.dll" id="236a8f8e-0664-7223-8a9e-eff04ede455e">
      <Execution id="33627833-2552-49e2-9def-732ed64c12b3" />
      <TestMethod codeBase="/home/meberl/projects/trinity/r2/tests/Trinity.Generator.Tests/bin/Release/net8.0/Semiodesk.Trinity.Generator.Tests.dll" adapterTypeName="executor://nunit3testexecutor/" className="Semiodesk.Trinity.Generator.Tests.GeneratorMappingTest" name="GetTypesReturnsTheRdfClass" />
    </UnitTest>
    <UnitTest name="ReportsAMistypedClassUri" storage="/home/meberl/projects/trinity/r2/tests/trinity.generator.tests/bin/release/net8.0/semiodesk.trinity.generator.tests.dll" id="f9fdd10b-55d1-056c-bf59-9cb85993ae19">
      <Execution id="851eb609-ed4d-43f7-9941-86f0aed540ef" />
      <TestMethod codeBase="/home/meberl/projects/trinity/r2/tests/Trinity.Generator.Tests/bin/Release/net8.0/Semiodesk.Trinity.Generator.Tests.dll" adapterTypeName="executor://nunit3testexecutor/" className="Semiodesk.Trinity.Generator.Tests.VocabularyUriAnalyzerTest" name="ReportsAMistypedClassUri" />
    </UnitTest>
    <UnitTest name="StaysSilentForAHandWrittenVocabulary" storage="/home/meberl/projects/trinity/r2/tests/trinity.generator.tests/bin/release/net8.0/semiodesk.trinity.generator.tests.dll" id="5ec9a3a6-fe31-c859-daa6-88aa905b964d">
      <Execution id="02ff6d4f-1e8b-4c3f-950d-0755c91f921f" />
      <TestMethod codeBase="/home/meberl/projects/trinity/r2/tests/Trinity.Generator.Tests/bin/Release/net8.0/Semiodesk.Trinity.Generator.Tests.dll" adapterTypeName="executor://nunit3testexecutor/" className="Semiodesk.Trinity.Generator.Tests.VocabularyUriAnalyzerTest" name="StaysSilentForAHandWrittenVocabulary" />
    </UnitTest>
    <UnitTest name="ReportsAMistypedPropertyUri" storage="/home/meberl/projects/trinity/r2/tests/trinity.generator.tests/bin/release/net8.0/semiodesk.trinity.generator.tests.dll" id="76e453cf-7ee2-e4c4-eaad-1724bbddc163">
      <Execution id="184bba08-17c3-4eb0-b645-af2cac6de444" />
      <TestMethod codeBase="/home/meberl/projects/trinity/r2/tests/Trinity.Generator.Tests/bin/Release/net8.0/Semiodesk.Trinity.Generator.Tests.dll" adapterTypeName="executor://nunit3testexecutor/" className="Semiodesk.Trinity.Generator.Tests.VocabularyUriAnalyzerTest" name="ReportsAMistypedPropertyUri" />
    </UnitTest>
    <UnitTest name="ReportsMappedClassThatIsNotAResource" storage="/home/meberl/projects/trinity/r2/tests/trinity.generator.tests/bin/release/net8.0/semiodesk.trinity.generator.tests.dll" id="cc7b349a-25ea-00b7-9f52-801731a43e2d">
      <Execution id="ae926d35-94b2-41c9-8ad4-20e4bc7b40b5" />
      <TestMethod codeBase="/home/meberl/projects/trinity/r2/tests/Trinity.Generator.Tests/bin/Release/net8.0/Semiodesk.Trinity.Generator.Tests.dll" adapterTypeName="executor://nunit3testexecutor/" className="Semiodesk.Trinity.Generator.Tests.MappingDiagnosticsTest" name="ReportsMappedClassThatIsNotAResource" />
    </UnitTest>
  </TestDefinitions>
  <TestEntries>
    <TestEntry testId="abfcb832-b84b-6fc6-7d63-048a469dccc3" executionId="aa021f12-182f-4b24-a81e-e9aba675415b" testListId="8c84fa94-04c1-424b-9868-57a2d4851a1d" />
    <TestEntry testId="ca153e34-e8e2-5cd6-cdcf-0bc482fa174c" executionId="b020d38c-baf4-48e3-aff1-42b54233027b" testListId="8c84fa94-04c1-424b-9868-57a2d4851a1d" />
    <TestEntry testId="b15fd5c8-8152-20cd-5c07-75b4d843a1dc" executionId="b0f72a20-2688-4cf4-9411-d61c6f9891bc" testListId="8c84fa94-04c1-424b-9868-57a2d4851a1d" />
    <TestEntry testId="cc7b349a-25ea-00b7-9f52-801731a43e2d" executionId="ae926d35-94b2-41c9-8ad4-20e4bc7b40b5" testListId="8c84fa94-04c1-424b-9868-57a2d4851a1d" />
    <TestEntry testId="222705ef-7e6e-df1d-c2a4-47e70b90faaa" executionId="c0dd50d4-1856-4ead-90b9-8dcfdbbe79f7" testListId="8c84fa94-04c1-424b-9868-57a2d4851a1d" />
    <TestEntry testId="5e33563d-a103-073b-e91b-04891f8770b9" executionId="a3a77e26-4ef3-4c00-b507-85b20b374dbd" testListId="8c84fa94-04c1-424b-9868-57a2d4851a1d" />
    <TestEntry testId="3620e290-513d-d18d-1d57-3087259e499c" executionId="f43df76c-cf45-4761-bfa7-e9dc0b5c1789" testListId="8c84fa94-04c1-424b-9868-57a2d4851a1d" />
    <TestEntry testId="345cca0a-5eed-8b66-c253-e8d4756b2fe4" executionId="67bbc9d6-5ed6-47ee-b8c7-12266c5c9043" testListId="8c84fa94-04c1-424b-9868-57a2d4851a1d" />
    <TestEntry testId="236a8f8e-0664-7223-8a9e-eff04ede455e" executionId="33627833-2552-49e2-9def-732ed64c12b3" testListId="8c84fa94-04c1-424b-9868-57a2d4851a1d" />
    <TestEntry testId="f9fdd10b-55d1-056c-bf59-9cb85993ae19" executionId="851eb609-ed4d-43f7-9941-86f0aed540ef" testListId="8c84fa94-04c1-424b-9868-57a2d4851a1d" />
    <TestEntry testId="1306fa39-8ae3-0aa7-ef00-638582148b4e" executionId="0ea235a3-ef69-48f4-b402-b7fb9b6f7117" testListId="8c84fa94-04c1-424b-9868-57a2d4851a1d" />
    <TestEntry testId="52ee627f-8f95-1fb4-41be-676b8797d05d" executionId="23f2cff9-8d14-4d45-b740-f3010ca717e9" testListId="8c84fa94-04c1-424b-9868-57a2d4851a1d" />
    <TestEntry testId="5ec9a3a6-fe31-c859-daa6-88aa905b964d" executionId="02ff6d4f-1e8b-4c3f-950d-0755c91f921f" testListId="8c84fa94-04c1-424b-9868-57a2d4851a1d" />
    <TestEntry testId="250f3104-c361-69e4-5993-59b0e63ceb5e" executionId="f1e85abb-49c6-4301-91ea-23202ccb4440" testListId="8c84fa94-04c1-424b-9868-57a2d4851a1d" />
    <TestEntry testId="d3956049-f80b-eadc-bc0a-f268bf62c2a4" executionId="f2b4ab91-f383-4bab-9d33-6628b3056629" testListId="8c84fa94-04c1-424b-9868-57a2d4851a1d" />
    <TestEntry testId="7f924c8f-0c53-eccf-45c4-bb6e88460c24" executionId="be0929f4-2dc9-44f2-a68d-267a2b6a1516" testListId="8c84fa94-04c1-424b-9868-57a2d4851a1d" />
    <TestEntry testId="ce97c190-b52d-8660-176a-985a6183ecee" executionId="e298d208-fe4a-4dc3-a96e-119e01db4ece" testListId="8c84fa94-04c1-424b-9868-57a2d4851a1d" />
    <TestEntry testId="f9660ed3-7ff0-6b1f-44ce-e637e41d66be" executionId="91d88a37-3945-44f0-9ca6-4053ac66d96f" testListId="8c84fa94-04c1-424b-9868-57a2d4851a1d" />
    <TestEntry testId="ff0ca230-e513-c526-a313-4d2f1a11026f" executionId="00682226-4e57-42a0-97be-2f84e896306f" testListId="8c84fa94-04c1-424b-9868-57a2d4851a1d" />
    <TestEntry testId="b1289330-20c3-f913-f9ea-1e37570bc98e" executionId="22af63c6-a6d0-4577-80df-34cfe9819032" testListId="8c84fa94-04c1-424b-9868-57a2d4851a1d" />
    <TestEntry testId="c4f8bead-7050-50ee-a131-7c002cccbecd" executionId="a08ddfec-8699-4e98-af24-c199a735cae6" testListId="8c84fa94-04c1-424b-9868-57a2d4851a1d" />
    <TestEntry testId="5ce0776f-dc85-28a5-e5e9-e7c63fbbb9ee" executionId="98356e88-5e24-4d91-b0fb-f670214420f3" testListId="8c84fa94-04c1-424b-9868-57a2d4851a1d" />
    <TestEntry testId="76e453cf-7ee2-e4c4-eaad-1724bbddc163" executionId="184bba08-17c3-4eb0-b645-af2cac6de444" testListId="8c84fa94-04c1-424b-9868-57a2d4851a1d" />
  </TestEntries>
  <TestLists>
    <TestList name="Results Not in a List" id="8c84fa94-04c1-424b-9868-57a2d4851a1d" />
    <TestList name="All Loaded Results" id="19431567-8539-422a-85d7-44ee4e166bda" />
  </TestLists>
  <ResultSummary outcome="Completed">
    <Counters total="23" executed="23" passed="23" failed="0" error="0" timeout="0" aborted="0" inconclusive="0" passedButRunAborted="0" notRunnable="0" notExecuted="0" disconnected="0" warning="0" completed="0" inProgress="0" pending="0" />
    <Output>
      <StdOut>NUnit Adapter 4.6.0.0: Test execution started
Running all tests in /home/meberl/projects/trinity/r2/tests/Trinity.Generator.Tests/bin/Release/net8.0/Semiodesk.Trinity.Generator.Tests.dll
   NUnit3TestExecutor discovered 23 of 23 NUnit test cases using Current Discovery mode, Non-Explicit run
NUnit Adapter 4.6.0.0: Test execution complete
</StdOut>
    </Output>
  </ResultSummary>
</TestRun>